  Γû▓ Next.js 14.2.35

   Creating an optimized production build ...
 Γ£ô Compiled successfully
   Linting and checking validity of types ...
node.exe : 
At line:1 char:1
+ & "C:\Program Files\
nodejs/node.exe" "C:\U
sers\parav\AppData\Roa
ming\ ...
+ ~~~~~~~~~~~~~~~~~~~~
~~~~~~~~~~~~~~~~~~~~~~
~~~~~~~~~~~~~~~~~~~~~~
~~~~~
    + CategoryInfo    
          : NotSpeci  
  fied: (:String) [   
 ], RemoteExceptio    
n
    + FullyQualifiedE 
   rrorId : NativeCo  
  mmandError
 
Failed to compile.

./app/contact/page.tsx
112:27  Error: `'` 
can be escaped with 
`&apos;`, `&lsquo;`, 
`&#39;`, `&rsquo;`.  r
eact/no-unescaped-enti
ties

./components/Downloads
.tsx
5:30  Error: 
'Download' is defined 
but never used.  @type
script-eslint/no-unuse
d-vars

./components/Footer.ts
x
139:54  Error: 'i' is 
defined but never 
used.  @typescript-esl
int/no-unused-vars

info  - Need to 
disable some ESLint 
rules? Learn more 
here: https://nextjs.o
rg/docs/basic-features
/eslint#disabling-rule
s
